
> rafi-portfolio@1.0.0 start
> react-scripts start

Starting the development server...

Compiled successfully!

You can now view rafi-portfolio in the browser.

  Local:            http://localhost:3000
  On Your Network:  http://192.168.0.102:3000

Note that the development build is not optimized.
To create a production build, use npm run build.

webpack compiled [1m[32msuccessfully[39m[22m
Compiling...
Compiled successfully!
webpack compiled [1m[32msuccessfully[39m[22m
Compiling...
Compiled successfully!
webpack compiled [1m[32msuccessfully[39m[22m
Compiling...
Failed to compile.

[eslint] 
src\components\Hero.js
Syntax error: Expected corresponding JSX closing tag for <motion.div>. (49:10) (49:10)
[1m[31mERROR[39m[22m in [1m./src/components/Hero.js[39m[22m
Module build failed (from ./node_modules/babel-loader/lib/index.js):
SyntaxError: D:\Work\2026\Portfolio\My-Portfolio\src\components\Hero.js: Expected corresponding JSX closing tag for <motion.div>. (49:10)

[0m [90m 47 |[39m           [33m>[39m
 [90m 48 |[39m             [33mHello[39m[33m,[39m [33mI[39m[32m'm[39m
[31m[1m>[22m[39m[90m 49 |[39m           [33m<[39m[33m/[39m[33mmotion[39m[33m.[39mp[33m>[39m
 [90m    |[39m           [31m[1m^[22m[39m
 [90m 50 |[39m
 [90m 51 |[39m           {[90m/* Name */[39m}
 [90m 52 |[39m           [33m<[39m[33mmotion[39m[33m.[39mh1[0m
    at constructor (D:\Work\2026\Portfolio\My-Portfolio\node_modules\@babel\parser\lib\index.js:365:19)
    at FlowParserMixin.raise (D:\Work\2026\Portfolio\My-Portfolio\node_modules\@babel\parser\lib\index.js:6599:19)
    at FlowParserMixin.jsxParseElementAt (D:\Work\2026\Portfolio\My-Portfolio\node_modules\@babel\parser\lib\index.js:4727:16)
    at FlowParserMixin.jsxParseElementAt (D:\Work\2026\Portfolio\My-Portfolio\node_modules\@babel\parser\lib\index.js:4698:32)
    at FlowParserMixin.jsxParseElementAt (D:\Work\2026\Portfolio\My-Portfolio\node_modules\@babel\parser\lib\index.js:4698:32)
    at FlowParserMixin.jsxParseElement (D:\Work\2026\Portfolio\My-Portfolio\node_modules\@babel\parser\lib\index.js:4749:17)
    at FlowParserMixin.parseExprAtom (D:\Work\2026\Portfolio\My-Portfolio\node_modules\@babel\parser\lib\index.js:4759:19)
    at FlowParserMixin.parseExprSubscripts (D:\Work\2026\Portfolio\My-Portfolio\node_modules\@babel\parser\lib\index.js:11071:23)
    at FlowParserMixin.parseUpdate (D:\Work\2026\Portfolio\My-Portfolio\node_modules\@babel\parser\lib\index.js:11056:21)
    at FlowParserMixin.parseMaybeUnary (D:\Work\2026\Portfolio\My-Portfolio\node_modules\@babel\parser\lib\index.js:11036:23)
    at FlowParserMixin.parseMaybeUnaryOrPrivate (D:\Work\2026\Portfolio\My-Portfolio\node_modules\@babel\parser\lib\index.js:10889:61)
    at FlowParserMixin.parseExprOps (D:\Work\2026\Portfolio\My-Portfolio\node_modules\@babel\parser\lib\index.js:10894:23)
    at FlowParserMixin.parseMaybeConditional (D:\Work\2026\Portfolio\My-Portfolio\node_modules\@babel\parser\lib\index.js:10871:23)
    at FlowParserMixin.parseMaybeAssign (D:\Work\2026\Portfolio\My-Portfolio\node_modules\@babel\parser\lib\index.js:10821:21)
    at D:\Work\2026\Portfolio\My-Portfolio\node_modules\@babel\parser\lib\index.js:3498:39
    at FlowParserMixin.tryParse (D:\Work\2026\Portfolio\My-Portfolio\node_modules\@babel\parser\lib\index.js:6907:20)
    at FlowParserMixin.parseMaybeAssign (D:\Work\2026\Portfolio\My-Portfolio\node_modules\@babel\parser\lib\index.js:3498:18)
    at D:\Work\2026\Portfolio\My-Portfolio\node_modules\@babel\parser\lib\index.js:10790:39
    at FlowParserMixin.allowInAnd (D:\Work\2026\Portfolio\My-Portfolio\node_modules\@babel\parser\lib\index.js:12416:12)
    at FlowParserMixin.parseMaybeAssignAllowIn (D:\Work\2026\Portfolio\My-Portfolio\node_modules\@babel\parser\lib\index.js:10790:17)
    at FlowParserMixin.parseMaybeAssignAllowInOrVoidPattern (D:\Work\2026\Portfolio\My-Portfolio\node_modules\@babel\parser\lib\index.js:12483:17)
    at FlowParserMixin.parseParenAndDistinguishExpression (D:\Work\2026\Portfolio\My-Portfolio\node_modules\@babel\parser\lib\index.js:11665:28)
    at FlowParserMixin.parseParenAndDistinguishExpression (D:\Work\2026\Portfolio\My-Portfolio\node_modules\@babel\parser\lib\index.js:3591:18)
    at FlowParserMixin.parseExprAtom (D:\Work\2026\Portfolio\My-Portfolio\node_modules\@babel\parser\lib\index.js:11321:23)
    at FlowParserMixin.parseExprAtom (D:\Work\2026\Portfolio\My-Portfolio\node_modules\@babel\parser\lib\index.js:4764:20)
    at FlowParserMixin.parseExprSubscripts (D:\Work\2026\Portfolio\My-Portfolio\node_modules\@babel\parser\lib\index.js:11071:23)
    at FlowParserMixin.parseUpdate (D:\Work\2026\Portfolio\My-Portfolio\node_modules\@babel\parser\lib\index.js:11056:21)
    at FlowParserMixin.parseMaybeUnary (D:\Work\2026\Portfolio\My-Portfolio\node_modules\@babel\parser\lib\index.js:11036:23)
    at FlowParserMixin.parseMaybeUnaryOrPrivate (D:\Work\2026\Portfolio\My-Portfolio\node_modules\@babel\parser\lib\index.js:10889:61)
    at FlowParserMixin.parseExprOps (D:\Work\2026\Portfolio\My-Portfolio\node_modules\@babel\parser\lib\index.js:10894:23)
    at FlowParserMixin.parseMaybeConditional (D:\Work\2026\Portfolio\My-Portfolio\node_modules\@babel\parser\lib\index.js:10871:23)
    at FlowParserMixin.parseMaybeAssign (D:\Work\2026\Portfolio\My-Portfolio\node_modules\@babel\parser\lib\index.js:10821:21)
    at FlowParserMixin.parseMaybeAssign (D:\Work\2026\Portfolio\My-Portfolio\node_modules\@babel\parser\lib\index.js:3549:18)
    at FlowParserMixin.parseExpressionBase (D:\Work\2026\Portfolio\My-Portfolio\node_modules\@babel\parser\lib\index.js:10774:23)
    at D:\Work\2026\Portfolio\My-Portfolio\node_modules\@babel\parser\lib\index.js:10770:39
    at FlowParserMixin.allowInAnd (D:\Work\2026\Portfolio\My-Portfolio\node_modules\@babel\parser\lib\index.js:12411:16)
    at FlowParserMixin.parseExpression (D:\Work\2026\Portfolio\My-Portfolio\node_modules\@babel\parser\lib\index.js:10770:17)
    at FlowParserMixin.parseReturnStatement (D:\Work\2026\Portfolio\My-Portfolio\node_modules\@babel\parser\lib\index.js:13132:28)
    at FlowParserMixin.parseStatementContent (D:\Work\2026\Portfolio\My-Portfolio\node_modules\@babel\parser\lib\index.js:12788:21)
    at FlowParserMixin.parseStatementLike (D:\Work\2026\Portfolio\My-Portfolio\node_modules\@babel\parser\lib\index.js:12757:17)
    at FlowParserMixin.parseStatementLike (D:\Work\2026\Portfolio\My-Portfolio\node_modules\@babel\parser\lib\index.js:2918:24)
    at FlowParserMixin.parseStatementListItem (D:\Work\2026\Portfolio\My-Portfolio\node_modules\@babel\parser\lib\index.js:12737:17)
    at FlowParserMixin.parseBlockOrModuleBlockBody (D:\Work\2026\Portfolio\My-Portfolio\node_modules\@babel\parser\lib\index.js:13306:61)
    at FlowParserMixin.parseBlockBody (D:\Work\2026\Portfolio\My-Portfolio\node_modules\@babel\parser\lib\index.js:13299:10)
    at FlowParserMixin.parseBlock (D:\Work\2026\Portfolio\My-Portfolio\node_modules\@babel\parser\lib\index.js:13287:10)
    at FlowParserMixin.parseFunctionBody (D:\Work\2026\Portfolio\My-Portfolio\node_modules\@babel\parser\lib\index.js:12090:24)
    at D:\Work\2026\Portfolio\My-Portfolio\node_modules\@babel\parser\lib\index.js:2892:63
    at FlowParserMixin.forwardNoArrowParamsConversionAt (D:\Work\2026\Portfolio\My-Portfolio\node_modules\@babel\parser\lib\index.js:3068:16)
    at FlowParserMixin.parseFunctionBody (D:\Work\2026\Portfolio\My-Portfolio\node_modules\@babel\parser\lib\index.js:2892:12)
    at FlowParserMixin.parseArrowExpression (D:\Work\2026\Portfolio\My-Portfolio\node_modules\@babel\parser\lib\index.js:12065:10)

[1m[31mERROR[39m[22m in [1m[eslint] 
src\components\Hero.js
  Line 49:10:  Parsing [1m[31merror[39m[22m[1m: Expected corresponding JSX closing tag for <motion.div>. (49:10)

[39m[22m

webpack compiled with [1m[31m2 errors[39m[22m
Compiling...
Failed to compile.

[eslint] 
src\components\Hero.js
Syntax error: Unexpected token (35:25) (35:25)
[1m[31mERROR[39m[22m in [1m./src/components/Hero.js[39m[22m
Module build failed (from ./node_modules/babel-loader/lib/index.js):
SyntaxError: D:\Work\2026\Portfolio\My-Portfolio\src\components\Hero.js: Unexpected token (35:25)

[0m [90m 33 |[39m             y[33m:[39m [[35m0[39m[33m,[39m [35m20[39m[33m,[39m [35m0[39m][33m,[39m
 [90m 34 |[39m             x[33m:[39m [[35m0[39m[33m,[39m [35m30[39m[33m,[39m [35m0[39m][33m,[39m
[31m[1m>[22m[39m[90m 35 |[39m             whileInView[33m=[39m{{ opacity[33m:[39m [35m1[39m[33m,[39m y[33m:[39m [35m0[39m }}
 [90m    |[39m                          [31m[1m^[22m[39m
 [90m 36 |[39m             transition[33m=[39m{{ duration[33m:[39m [35m0.8[39m[33m,[39m delay[33m:[39m [35m0.3[39m }}
 [90m 37 |[39m             viewport[33m=[39m{{ once[33m:[39m [36mtrue[39m }}
 [90m 38 |[39m           [33m>[39m[0m
    at constructor (D:\Work\2026\Portfolio\My-Portfolio\node_modules\@babel\parser\lib\index.js:365:19)
    at FlowParserMixin.raise (D:\Work\2026\Portfolio\My-Portfolio\node_modules\@babel\parser\lib\index.js:6599:19)
    at FlowParserMixin.unexpected (D:\Work\2026\Portfolio\My-Portfolio\node_modules\@babel\parser\lib\index.js:6619:16)
    at FlowParserMixin.parsePropertyName (D:\Work\2026\Portfolio\My-Portfolio\node_modules\@babel\parser\lib\index.js:12014:18)
    at FlowParserMixin.parsePropertyDefinition (D:\Work\2026\Portfolio\My-Portfolio\node_modules\@babel\parser\lib\index.js:11879:10)
    at FlowParserMixin.parseObjectLike (D:\Work\2026\Portfolio\My-Portfolio\node_modules\@babel\parser\lib\index.js:11822:21)
    at FlowParserMixin.parseExprAtom (D:\Work\2026\Portfolio\My-Portfolio\node_modules\@babel\parser\lib\index.js:11329:23)
    at FlowParserMixin.parseExprAtom (D:\Work\2026\Portfolio\My-Portfolio\node_modules\@babel\parser\lib\index.js:4764:20)
    at FlowParserMixin.parseExprSubscripts (D:\Work\2026\Portfolio\My-Portfolio\node_modules\@babel\parser\lib\index.js:11071:23)
    at FlowParserMixin.parseUpdate (D:\Work\2026\Portfolio\My-Portfolio\node_modules\@babel\parser\lib\index.js:11056:21)
    at FlowParserMixin.parseMaybeUnary (D:\Work\2026\Portfolio\My-Portfolio\node_modules\@babel\parser\lib\index.js:11036:23)
    at FlowParserMixin.parseMaybeUnaryOrPrivate (D:\Work\2026\Portfolio\My-Portfolio\node_modules\@babel\parser\lib\index.js:10889:61)
    at FlowParserMixin.parseExprOps (D:\Work\2026\Portfolio\My-Portfolio\node_modules\@babel\parser\lib\index.js:10894:23)
    at FlowParserMixin.parseMaybeConditional (D:\Work\2026\Portfolio\My-Portfolio\node_modules\@babel\parser\lib\index.js:10871:23)
    at FlowParserMixin.parseMaybeAssign (D:\Work\2026\Portfolio\My-Portfolio\node_modules\@babel\parser\lib\index.js:10821:21)
    at FlowParserMixin.parseMaybeAssign (D:\Work\2026\Portfolio\My-Portfolio\node_modules\@babel\parser\lib\index.js:3549:18)
    at D:\Work\2026\Portfolio\My-Portfolio\node_modules\@babel\parser\lib\index.js:10790:39
    at FlowParserMixin.allowInAnd (D:\Work\2026\Portfolio\My-Portfolio\node_modules\@babel\parser\lib\index.js:12416:12)
    at FlowParserMixin.parseMaybeAssignAllowIn (D:\Work\2026\Portfolio\My-Portfolio\node_modules\@babel\parser\lib\index.js:10790:17)
    at FlowParserMixin.parseMaybeDefault (D:\Work\2026\Portfolio\My-Portfolio\node_modules\@babel\parser\lib\index.js:7451:23)
    at FlowParserMixin.parseMaybeDefault (D:\Work\2026\Portfolio\My-Portfolio\node_modules\@babel\parser\lib\index.js:3367:24)
    at FlowParserMixin.parseObjectProperty (D:\Work\2026\Portfolio\My-Portfolio\node_modules\@babel\parser\lib\index.js:11956:27)
    at FlowParserMixin.parseObjPropValue (D:\Work\2026\Portfolio\My-Portfolio\node_modules\@babel\parser\lib\index.js:11968:100)
    at FlowParserMixin.parseObjPropValue (D:\Work\2026\Portfolio\My-Portfolio\node_modules\@babel\parser\lib\index.js:3339:26)
    at FlowParserMixin.parsePropertyDefinition (D:\Work\2026\Portfolio\My-Portfolio\node_modules\@babel\parser\lib\index.js:11905:17)
    at FlowParserMixin.parseObjectLike (D:\Work\2026\Portfolio\My-Portfolio\node_modules\@babel\parser\lib\index.js:11822:21)
    at FlowParserMixin.parseExprAtom (D:\Work\2026\Portfolio\My-Portfolio\node_modules\@babel\parser\lib\index.js:11329:23)
    at FlowParserMixin.parseExprAtom (D:\Work\2026\Portfolio\My-Portfolio\node_modules\@babel\parser\lib\index.js:4764:20)
    at FlowParserMixin.parseExprSubscripts (D:\Work\2026\Portfolio\My-Portfolio\node_modules\@babel\parser\lib\index.js:11071:23)
    at FlowParserMixin.parseUpdate (D:\Work\2026\Portfolio\My-Portfolio\node_modules\@babel\parser\lib\index.js:11056:21)
    at FlowParserMixin.parseMaybeUnary (D:\Work\2026\Portfolio\My-Portfolio\node_modules\@babel\parser\lib\index.js:11036:23)
    at FlowParserMixin.parseMaybeUnaryOrPrivate (D:\Work\2026\Portfolio\My-Portfolio\node_modules\@babel\parser\lib\index.js:10889:61)
    at FlowParserMixin.parseExprOps (D:\Work\2026\Portfolio\My-Portfolio\node_modules\@babel\parser\lib\index.js:10894:23)
    at FlowParserMixin.parseMaybeConditional (D:\Work\2026\Portfolio\My-Portfolio\node_modules\@babel\parser\lib\index.js:10871:23)
    at FlowParserMixin.parseMaybeAssign (D:\Work\2026\Portfolio\My-Portfolio\node_modules\@babel\parser\lib\index.js:10821:21)
    at FlowParserMixin.parseMaybeAssign (D:\Work\2026\Portfolio\My-Portfolio\node_modules\@babel\parser\lib\index.js:3549:18)
    at FlowParserMixin.parseExpressionBase (D:\Work\2026\Portfolio\My-Portfolio\node_modules\@babel\parser\lib\index.js:10774:23)
    at D:\Work\2026\Portfolio\My-Portfolio\node_modules\@babel\parser\lib\index.js:10770:39
    at FlowParserMixin.allowInAnd (D:\Work\2026\Portfolio\My-Portfolio\node_modules\@babel\parser\lib\index.js:12416:12)
    at FlowParserMixin.parseExpression (D:\Work\2026\Portfolio\My-Portfolio\node_modules\@babel\parser\lib\index.js:10770:17)
    at FlowParserMixin.jsxParseExpressionContainer (D:\Work\2026\Portfolio\My-Portfolio\node_modules\@babel\parser\lib\index.js:4632:31)
    at FlowParserMixin.jsxParseAttributeValue (D:\Work\2026\Portfolio\My-Portfolio\node_modules\@babel\parser\lib\index.js:4604:21)
    at FlowParserMixin.jsxParseAttribute (D:\Work\2026\Portfolio\My-Portfolio\node_modules\@babel\parser\lib\index.js:4653:38)
    at FlowParserMixin.jsxParseOpeningElementAfterName (D:\Work\2026\Portfolio\My-Portfolio\node_modules\@babel\parser\lib\index.js:4667:28)
    at FlowParserMixin.jsxParseOpeningElementAfterName (D:\Work\2026\Portfolio\My-Portfolio\node_modules\@babel\parser\lib\index.js:4068:18)
    at FlowParserMixin.jsxParseOpeningElementAt (D:\Work\2026\Portfolio\My-Portfolio\node_modules\@babel\parser\lib\index.js:4662:17)
    at FlowParserMixin.jsxParseElementAt (D:\Work\2026\Portfolio\My-Portfolio\node_modules\@babel\parser\lib\index.js:4686:33)
    at FlowParserMixin.jsxParseElementAt (D:\Work\2026\Portfolio\My-Portfolio\node_modules\@babel\parser\lib\index.js:4698:32)
    at FlowParserMixin.jsxParseElementAt (D:\Work\2026\Portfolio\My-Portfolio\node_modules\@babel\parser\lib\index.js:4698:32)
    at FlowParserMixin.jsxParseElement (D:\Work\2026\Portfolio\My-Portfolio\node_modules\@babel\parser\lib\index.js:4749:17)

[1m[31mERROR[39m[22m in [1m[eslint] 
src\components\Hero.js
  Line 35:25:  Parsing [1m[31merror[39m[22m[1m: [1m[31mUnexpected[39m[22m[1m token (35:25)

[39m[22m

webpack compiled with [1m[31m2 errors[39m[22m
Compiling...
Compiled successfully!
webpack compiled [1m[32msuccessfully[39m[22m
Compiling...
Compiled successfully!
webpack compiled [1m[32msuccessfully[39m[22m
Compiling...
Compiled successfully!
webpack compiled [1m[32msuccessfully[39m[22m
Compiling...
Compiled successfully!
webpack compiled [1m[32msuccessfully[39m[22m
Compiling...
Compiled successfully!
webpack compiled [1m[32msuccessfully[39m[22m
Compiling...
Compiled successfully!
webpack compiled [1m[32msuccessfully[39m[22m
Compiling...
Compiled successfully!
webpack compiled [1m[32msuccessfully[39m[22m
Compiling...
Compiled successfully!
webpack compiled [1m[32msuccessfully[39m[22m
Compiling...
Compiled successfully!
webpack compiled [1m[32msuccessfully[39m[22m
Compiling...
Compiled successfully!
webpack compiled [1m[32msuccessfully[39m[22m
Compiling...
Compiled successfully!
webpack compiled [1m[32msuccessfully[39m[22m
Compiling...
Compiled successfully!
webpack compiled [1m[32msuccessfully[39m[22m
Compiling...
Compiled successfully!
webpack compiled [1m[32msuccessfully[39m[22m
Compiling...
Compiled successfully!
webpack compiled [1m[32msuccessfully[39m[22m
Compiling...
Compiled successfully!
webpack compiled [1m[32msuccessfully[39m[22m
Compiling...
Compiled successfully!
webpack compiled [1m[32msuccessfully[39m[22m
Compiling...
Compiled successfully!
webpack compiled [1m[32msuccessfully[39m[22m
Compiling...
Compiled successfully!
webpack compiled [1m[32msuccessfully[39m[22m
Compiling...
Compiled successfully!
webpack compiled [1m[32msuccessfully[39m[22m
Compiling...
Compiled successfully!
webpack compiled [1m[32msuccessfully[39m[22m
Compiling...
Compiled successfully!
webpack compiled [1m[32msuccessfully[39m[22m
Compiling...
Compiled successfully!
webpack compiled [1m[32msuccessfully[39m[22m
Compiling...
Compiled successfully!
webpack compiled [1m[32msuccessfully[39m[22m
Compiling...
Compiled successfully!
webpack compiled [1m[32msuccessfully[39m[22m
Compiling...
Compiled successfully!
webpack compiled [1m[32msuccessfully[39m[22m
Compiling...
Compiled successfully!
webpack compiled [1m[32msuccessfully[39m[22m
